// Jest Snapshot v1, https://goo.gl/fbAQLP

exports[`<Box /> renders <Box /> component with data. 1`] = `
<div
  className="undefined"
  onClick={[Function]}
  onMouseEnter={[Function]}
  onMouseLeave={[Function]}
>
  Test
</div>
`;
